### 1、(选做)使用 GCLogAnalysis.java 自己演练一遍串行/并行/CMS/G1的案例。

-XX:+PrintGCDetails -XX:+PrintGCDateStamps 或者 -XX:+PrintGC		//日志详情和时间戳或者只打印日志概略

```
E:\学习\极客学习\java进阶训练营\软件\JDK\JVM环境准备>java -XX:+UseSerialGC -Xmx256m -Xms256m -XX:+PrintGCDetails -XX:+PrintGCDateStamps GCLogAnalysis

SerialGC日志分析：
1）256m的时候，4,5次中会有1次oom出现
2）程序运行总时长：2021-01-18T19:00:30.453-2021-01-18T19:00:31.376，大概1秒
3）gc总时长大概在600毫秒，由于是串行gC，每次gc都会暂停业务程序，所以，留给业务时间只有400毫秒左右
4）程序最后生成对象总数为256m时4000左右，512m时10000左右，1g，2g和4g时13000左右。
结论：256m时，younggc比较频繁，有几次fullgc,甚至是出现内存溢出情况，生成对象数在4000多。
	 1g,2g,4g时只有younggc，生成对象数变化不大。
	 说明串行GC设置堆内存不是越大就越好，应该根据实际业务情况中主要业务接口进行压测来调整堆内存大小和young区大小。防止过早提升。最优堆内存大小是1g,符合既能保证业务正常，又使用最小内存，节省资源。
------------------------------------------------------------------------------------
E:\学习\极客学习\java进阶训练营\软件\JDK\JVM环境准备>java -XX:+UseParallelGC -Xmx256m -Xms256m -XX:+PrintGCDetails -XX:+PrintGCDateStamps GCLogAnalysis

SerialGC日志分析：
1)256m的时候每次都oom.
2)2021-01-18T19:28:18.645+0800-2021-01-18T19:28:19.464+0800,总时长887毫秒
3）gc时长在300毫秒，由于是并行gc,每次gc也会暂停业务线程，但是相比串行，暂停时间比较短
4）256M时出现oom，512m时7000-8000,1g时13000左右，2g和4g时15000-16000,6g时会下降到12000,8g时会报错，后来发现是可分配内存不够8g导致，释放后解决，生成的对象数9000
结论：2g和4g时吞吐量最大但比串行要多出2000左右。总体暂停时间也比串行要少。其中发现频繁gc可能的原因是代码写的有问题导致内存泄漏在堆内存分配足够的情况下。如果代码没有问题就要看看是否堆内存分配足够空间。

------------------------------------------------------------------------------------
E:\学习\极客学习\java进阶训练营\软件\JDK\JVM环境准备>java -XX:+UseConcMarkSweepGC -Xmx4g -Xms4g -XX:+PrintGCDetails -XX:+PrintGCDateStamps GCLogAnalysis
  
  CMSGC日志分析：
  1）生成对象数：256m->4900,512m->10000左右，1g->14000左右，2g->14500-15000左右，4g->1420左右，8g-13000左右
  2）GC停顿时间短(init,final)，最大耗时就是younggc，因为是并发，与程序同时运行，吞吐量徘徊在10000-15000，没有并行GC大。
  3）应该适当提高young区大小：-XX：NewSize
  
-------------------------------------------------------------------------------------------
E:\学习\极客学习\java进阶训练营\软件\JDK\JVM环境准备>java -XX:+UseG1GC -Xmx256m -Xms256m -XX:+PrintGCDetails -XX:+PrintGCDateStamps GCLogAnalysis

G1GC日志分析：
1）生成对象数：256m->oom，512m->9000,1G->13000,2G,4g,6g->15000,8G->17000
2）G1GC比较适用于大内存，直到8G达到峰值对象数才回落。
3）GC暂停时间比较短，吞吐量在堆内存比较小的时候吞吐量不如并行，但大内存下稳定达到17000左右
```


		### 2、(选做)使用压测工具（wrk或sb），演练gateway-server-0.0.1-SNAPSHOT.jar示例。

```
E:\学习\极客学习\java进阶训练营\软件\JDK\JVM环境准备>java -Xmx1g -Xms1g -XX:-UseAdaptiveSizePolicy -XX:+UseSerialGC -XX:+PrintGC  -jar gateway-server-0.0.1-SNAPSHOT.jar
-XX:+UseSerialGC		 //串行

---日志--------------
 :: Spring Boot ::        (v2.0.4.RELEASE)
[Full GC (Metadata GC Threshold)  262848K->14411K(1013632K), 0.0523928 secs]
[GC (Allocation Failure)  294027K->30279K(1013632K), 0.0231064 secs]
[Full GC (Metadata GC Threshold)  178925K->29138K(1013632K), 0.0667739 secs]
启动开始后发生了2次fullgc,1次younggc
---开始sb压测-----
E:\学习\极客学习\java进阶训练营\软件\JDK\JVM环境准备>sb -u http://localhost:8088/api/hello -c 10 -n 1000000
Starting at 2021/1/17 14:54:17
[Press C to stop the test]
504577  (RPS: 5484.1)
-------压测结果----------
[GC (Allocation Failure)  308754K->31471K(1013632K), 30.2601327 secs]
[GC (Allocation Failure)  311087K->30844K(1013632K), 0.0049779 secs]
[GC (Allocation Failure)  310460K->30838K(1013632K), 0.0037385 secs]
[GC (Allocation Failure)  310454K->30830K(1013632K), 0.0034051 secs]
[GC (Allocation Failure)  310446K->30827K(1013632K), 0.0032692 secs]
[GC (Allocation Failure)  310443K->30827K(1013632K), 0.0032201 secs]
[GC (Allocation Failure)  310443K->30825K(1013632K), 0.0034966 secs]
[GC (Allocation Failure)  310441K->30839K(1013632K), 0.0034406 secs]
[GC (Allocation Failure)  310455K->30827K(1013632K), 0.0032585 secs]
-------------------------------------------------------------------------------
-XX:+UseParallelGC		 //并行

E:\学习\极客学习\java进阶训练营\软件\JDK\JVM环境准备>java -Xmx1g -Xms1g -XX:-UseAdaptiveSizePolicy -XX:+UseParallelGC -XX:+PrintGC  -jar gateway-server-0.0.1-SNAPSHOT.jar

  .   ____          _            __ _ _
 /\\ / ___'_ __ _ _(_)_ __  __ _ \ \ \ \
( ( )\___ | '_ | '_| | '_ \/ _` | \ \ \ \
 \\/  ___)| |_)| | | | | || (_| |  ) ) ) )
  '  |____| .__|_| |_|_| |_\__, | / / / /
 =========|_|==============|___/=/_/_/_/
 :: Spring Boot ::        (v2.0.4.RELEASE)

[GC (Allocation Failure)  262144K->15305K(1005056K), 0.0081505 secs]
[GC (Metadata GC Threshold)  23012K->15386K(1005056K), 0.0051610 secs]
[Full GC (Metadata GC Threshold)  15386K->14333K(1005056K), 0.0179516 secs]
[GC (Allocation Failure)  276477K->30421K(1005056K), 0.0071093 secs]
[GC (Metadata GC Threshold)  200656K->30224K(1005056K), 0.0069721 secs]
[Full GC (Metadata GC Threshold)  30224K->19764K(1005056K), 0.0432793 secs]

----------开始压测-----
E:\学习\极客学习\java进阶训练营\软件\JDK\JVM环境准备>sb -u http://localhost:8088/api/hello -c 10 -n 1000000
Starting at 2021/1/17 15:12:19
[Press C to stop the test]
133282  (RPS: 7895.9)                   ^C
--------------压测反应---------
[GC (Allocation Failure)  281908K->22510K(1005056K), 0.0042480 secs]
[GC (Allocation Failure)  284654K->21732K(1005056K), 0.0028851 secs]
[GC (Allocation Failure)  283876K->21756K(1005056K), 0.0025807 secs]
[GC (Allocation Failure)  283900K->21748K(1005056K), 0.0020905 secs]
[GC (Allocation Failure)  283892K->21724K(1005056K), 0.0022258 secs]
[GC (Allocation Failure)  283863K->21780K(1005056K), 0.0021464 secs]
[GC (Allocation Failure)  283924K->21724K(1005056K), 0.0018753 secs]
[GC (Allocation Failure)  283868K->21708K(1005056K), 0.0019886 secs]
[GC (Allocation Failure)  283852K->21804K(1005056K), 0.0019173 secs]
[GC (Allocation Failure)  283948K->21676K(1005056K), 0.0020806 secs]
[GC (Allocation Failure)  283820K->21796K(1005056K), 0.0020982 secs]
[GC (Allocation Failure)  283940K->21748K(1005056K), 0.0020785 secs]
[GC (Allocation Failure)  283892K->21772K(1005056K), 0.0021670 secs]
--------------------------------------------------------------------------------------
-XX:+UseConcMarkSweepGC	 //并发CMS
E:\学习\极客学习\java进阶训练营\软件\JDK\JVM环境准备>java -Xmx1g -Xms1g -XX:-UseAdaptiveSizePolicy -XX:+UseConcMarkSweepGC -XX:+PrintGC  -jar gateway-server-0.0.1-SNAPSHOT.jar

  .   ____          _            __ _ _
 /\\ / ___'_ __ _ _(_)_ __  __ _ \ \ \ \
( ( )\___ | '_ | '_| | '_ \/ _` | \ \ \ \
 \\/  ___)| |_)| | | | | || (_| |  ) ) ) )
  '  |____| .__|_| |_|_| |_\__, | / / / /
 =========|_|==============|___/=/_/_/_/
 :: Spring Boot ::        (v2.0.4.RELEASE)

[GC (Allocation Failure)  279616K->15251K(1013632K), 0.0098793 secs]
[GC (CMS Initial Mark)  22186K(1013632K), 0.0014065 secs]
[GC (CMS Final Remark)  166684K(1013632K), 0.0142378 secs]
[GC (Allocation Failure)  294867K->24262K(1013632K), 0.0095670 secs]
-------开始压测----------
E:\学习\极客学习\java进阶训练营\软件\JDK\JVM环境准备>sb -u http://localhost:8088/api/hello -c 10 -n 1000000
Starting at 2021/1/17 15:15:45
[Press C to stop the test]
162037  (RPS: 7869.3)
---------压测后显示gc----------
[GC (Allocation Failure)  303878K->23238K(1013632K), 0.0177157 secs]
[GC (Allocation Failure)  302854K->24728K(1013632K), 0.0062307 secs]
[GC (Allocation Failure)  304344K->23268K(1013632K), 0.0062490 secs]
[GC (Allocation Failure)  302884K->24508K(1013632K), 0.0057249 secs]
[GC (Allocation Failure)  304124K->23213K(1013632K), 0.0057506 secs]
[GC (Allocation Failure)  302829K->27329K(1013632K), 0.0085438 secs]
[GC (Allocation Failure)  306945K->22617K(1013632K), 0.0054619 secs]
[GC (Allocation Failure)  302233K->19560K(1013632K), 0.0053051 secs]
[GC (Allocation Failure)  299176K->18794K(1013632K), 0.0056046 secs]
[GC (Allocation Failure)  298410K->18609K(1013632K), 0.0043532 secs]
[GC (Allocation Failure)  298225K->18558K(1013632K), 0.0043629 secs]
[GC (Allocation Failure)  298174K->18560K(1013632K), 0.0042411 secs]
[GC (Allocation Failure)  298176K->18566K(1013632K), 0.0044337 secs]
[GC (Allocation Failure)  298182K->18562K(1013632K), 0.0037988 secs]
[GC (Allocation Failure)  298178K->18558K(1013632K), 0.0038943 secs]
-------------------------------------------------------------------------------------
-XX:+UseG1GC -XX:MaxGCPauseMillis=50			//G1
E:\学习\极客学习\java进阶训练营\软件\JDK\JVM环境准备>java -Xmx1g -Xms1g -XX:-UseAdaptiveSizePolicy -XX:+UseG1GC -XX:MaxGCPauseMillis=50  -XX:+PrintGC  -jar gateway-server-0.0.1-SNAPSHOT.jar
[GC pause (G1 Evacuation Pause) (young) 51M->4248K(1024M), 0.0039284 secs]
[GC pause (G1 Evacuation Pause) (young) 50M->8818K(1024M), 0.0044705 secs]
[GC pause (G1 Evacuation Pause) (young) 55M->9916K(1024M), 0.0054459 secs]

  .   ____          _            __ _ _
 /\\ / ___'_ __ _ _(_)_ __  __ _ \ \ \ \
( ( )\___ | '_ | '_| | '_ \/ _` | \ \ \ \
 \\/  ___)| |_)| | | | | || (_| |  ) ) ) )
  '  |____| .__|_| |_|_| |_\__, | / / / /
 =========|_|==============|___/=/_/_/_/
 :: Spring Boot ::        (v2.0.4.RELEASE)

[GC pause (G1 Evacuation Pause) (young) 60M->13M(1024M), 0.0055322 secs]
[GC pause (Metadata GC Threshold) (young) (initial-mark) 60M->14M(1024M), 0.0046452 secs]
[GC concurrent-root-region-scan-start]
[GC concurrent-root-region-scan-end, 0.0028721 secs]
[GC concurrent-mark-start]
[GC concurrent-mark-end, 0.0030896 secs]
[GC remark, 0.0032209 secs]
[GC cleanup 15M->15M(1024M), 0.0010891 secs]
[GC pause (G1 Evacuation Pause) (young) 90M->14M(1024M), 0.0055020 secs]
[GC pause (G1 Evacuation Pause) (young) 233M->26M(1024M), 0.0096726 secs]
----------------开始压测-----------
E:\学习\极客学习\java进阶训练营\软件\JDK\JVM环境准备>sb -u http://localhost:8088/api/hello -c 10 -n 1000000
Starting at 2021/1/17 15:18:55
[Press C to stop the test]
157809  (RPS: 7790.3)
---------------压测后gc------------
[GC pause (Metadata GC Threshold) (young) (initial-mark) 144M->23M(1024M), 0.0082318 secs]
[GC concurrent-root-region-scan-start]
[GC concurrent-root-region-scan-end, 0.0057134 secs]
[GC concurrent-mark-start]
[GC concurrent-mark-end, 0.0013748 secs]
[GC remark, 0.0045295 secs]
[GC cleanup 26M->26M(1024M), 0.0016354 secs]
[GC pause (G1 Evacuation Pause) (young) 267M->24M(1024M), 0.0091610 secs]
[GC pause (G1 Evacuation Pause) (young) 284M->25M(1024M), 0.0081702 secs]
[GC pause (G1 Evacuation Pause) (young) 619M->24M(1024M), 0.0083881 secs]
[GC pause (G1 Evacuation Pause) (young) 619M->24M(1024M), 0.0072919 secs]
[GC pause (G1 Evacuation Pause) (young) 619M->24M(1024M), 0.0087320 secs]
[GC pause (G1 Evacuation Pause) (young) 619M->23M(1024M), 0.0078060 secs]
[GC pause (G1 Evacuation Pause) (young) 619M->23M(1024M), 0.0074434 secs]
-------------------------------------------------------------------------------
结论：
1）无论采取什么GC，在1g情况下启动服务都会出现GC情况，说明启动初始化代码中有大量对象或者大对象生成，导致young区空间不够而过早提升到老年代。并行GC时，永久代元数据区15M太小导致Metadata GC Threshol
2)设置一下新生代大小 -Xmn512m，同时增加元数据空间大小和最大空间大小 --XX:MaxMetaspaceSize=256m -XX:MetaspaceSize=256m ，设置后再启动服务发现只有一次younggc，说明参数起作用了。
```

### 3、(选做)如果自己本地有可以运行的项目，可以按照2的方式进行演练。

```
无
```

### 4、(必做）根据上述自己对于1和2的演示，写一段对于不同GC和堆内存的总结，提交到github。

```
1）并不是堆内存越大越好，堆内存小的时候GC会比较频繁，但STW时间会比较短，会影响吞吐量。堆内存过大 则GC频率减少，但是每次GC的STW时间会延长，导致系统响应延迟时间变长。
2）实际工作中，FullGC应该比较少，尤其是在项目启动时，如果出现就要调整young区大小和对应生成大对象代码。
3）充分考虑分配率和提升率，分配率高就要提高新生代大小，用于减小GC频率同时不影响吞吐量。但也不能设置太大， 导致一次GC停顿时间太长，影响业务吞吐。
4）现实工作中要对系统的jvm调优，需要根据系统流量最大的几个api进行压测，同时打印GC日志，再分析GC日志， 再根据日志情况调整参数，包括堆内存大小，是否启动自适应，收集器类型，新生代大小， 并行收集的线程数， 对象升代的阈值等)， 再压测， 记录， 分析，直到最终确定最优的JVM参数。
```

